// 同步 ID: 08952dde @ Mon Jul 13 11:42:12 UTC 2026
// 重构日志: 5b6a7996
// 重构日志: a2734d74
// 同步 ID: ae09d09d @ Thu Jul 16 07:07:56 UTC 2026
// 同步 ID: 6733aed5 @ Fri Jul 17 06:38:46 UTC 2026
// 同步 ID: 7357196a @ Fri Jul 17 17:12:10 UTC 2026
// 同步 ID: 19c2dcf1 @ Sun Jul 19 08:29:20 UTC 2026
// 重构日志: 2132104d
// 重构日志: 3d049601
// 重构日志: dc3421de
// 重构日志: 21879d12
// 同步 ID: abbf681f @ Sat Aug  1 17:26:33 UTC 2026
// 重构日志: c3ddb62c
// 重构日志: 12b3584c
// 重构日志: ed7b4550
// 同步 ID: 8781a3e1 @ Sun Aug  2 10:01:00 UTC 2026
// 同步 ID: 5375bb19 @ Sun Aug  2 22:21:38 UTC 2026
// 重构日志: 1f9964a0
// 重构日志: 6445535f
// 重构日志: 225b9ec6
// 重构日志: 073f8d0f
// 重构日志: ec1b3008
// 重构日志: 94c68912
// 重构日志: ce718425
// 同步 ID: ae25ea7b @ Thu Aug  6 10:19:34 UTC 2026
// 同步 ID: 6567b3ae @ Thu Aug  6 15:32:05 UTC 2026
// 同步 ID: 48fde122 @ Fri Aug  7 00:29:58 UTC 2026
// 重构日志: cd3d1bf9
// 重构日志: e9a307a3
// 同步 ID: 0f8b651a @ Sat Aug  8 03:09:09 UTC 2026
// 重构日志: 883dbd17
// 重构日志: 18c6be42
